[INFO] Scanning for projects...
[INFO] 
[INFO] ----------------------< com.karan:rent-mangement >----------------------
[INFO] Building rent-mangement 0.0.1-SNAPSHOT
[INFO]   from pom.xml
[INFO] --------------------------------[ jar ]---------------------------------
[INFO] 
[INFO] --- resources:3.3.1:resources (default-resources) @ rent-mangement ---
[INFO] Copying 1 resource from src/main/resources to target/classes
[INFO] Copying 0 resource from src/main/resources to target/classes
[INFO] 
[INFO] --- compiler:3.14.1:compile (default-compile) @ rent-mangement ---
[INFO] Nothing to compile - all classes are up to date.
[INFO] 
[INFO] --- resources:3.3.1:testResources (default-testResources) @ rent-mangement ---
[INFO] skip non existing resourceDirectory /Users/karansingh/IdeaProjects/rent-mangement/src/test/resources
[INFO] 
[INFO] --- compiler:3.14.1:testCompile (default-testCompile) @ rent-mangement ---
[INFO] Nothing to compile - all classes are up to date.
[INFO] 
[INFO] --- surefire:3.5.4:test (default-test) @ rent-mangement ---
[INFO] Using auto detected provider org.apache.maven.surefire.junitplatform.JUnitPlatformProvider
[INFO] 
[INFO] -------------------------------------------------------
[INFO]  T E S T S
[INFO] -------------------------------------------------------
[INFO] Running com.karan.rentmangement.ImportServiceTest
11:39:55.241 [main] INFO org.springframework.test.context.support.AnnotationConfigContextLoaderUtils -- Could not detect default configuration classes for test class [com.karan.rentmangement.ImportServiceTest]: ImportServiceTest does not declare any static, non-private, non-final, nested classes annotated with @Configuration.
11:39:55.294 [main] INFO org.springframework.boot.test.context.SpringBootTestContextBootstrapper -- Found @SpringBootConfiguration com.karan.rentmangement.RentMangementApplication for test class com.karan.rentmangement.ImportServiceTest

  .   ____          _            __ _ _
 /\\ / ___'_ __ _ _(_)_ __  __ _ \ \ \ \
( ( )\___ | '_ | '_| | '_ \/ _` | \ \ \ \
 \\/  ___)| |_)| | | | | || (_| |  ) ) ) )
  '  |____| .__|_| |_|_| |_\__, | / / / /
 =========|_|==============|___/=/_/_/_/

 :: Spring Boot ::               (v3.5.11)

2026-06-19T11:39:55.464+05:30  INFO 71680 --- [rent-mangement] [           main] c.karan.rentmangement.ImportServiceTest  : Starting ImportServiceTest using Java 25.0.2 with PID 71680 (started by karansingh in /Users/karansingh/IdeaProjects/rent-mangement)
2026-06-19T11:39:55.464+05:30  INFO 71680 --- [rent-mangement] [           main] c.karan.rentmangement.ImportServiceTest  : No active profile set, falling back to 1 default profile: "default"
2026-06-19T11:39:55.701+05:30  INFO 71680 --- [rent-mangement] [           main] .s.d.r.c.RepositoryConfigurationDelegate : Bootstrapping Spring Data JPA repositories in DEFAULT mode.
2026-06-19T11:39:55.725+05:30  INFO 71680 --- [rent-mangement] [           main] .s.d.r.c.RepositoryConfigurationDelegate : Finished Spring Data repository scanning in 19 ms. Found 5 JPA repository interfaces.
2026-06-19T11:39:55.895+05:30  INFO 71680 --- [rent-mangement] [           main] o.hibernate.jpa.internal.util.LogHelper  : HHH000204: Processing PersistenceUnitInfo [name: default]
2026-06-19T11:39:55.917+05:30  INFO 71680 --- [rent-mangement] [           main] org.hibernate.Version                    : HHH000412: Hibernate ORM core version 6.6.42.Final
2026-06-19T11:39:55.929+05:30  INFO 71680 --- [rent-mangement] [           main] o.h.c.internal.RegionFactoryInitiator    : HHH000026: Second-level cache disabled
2026-06-19T11:39:56.039+05:30  INFO 71680 --- [rent-mangement] [           main] o.s.o.j.p.SpringPersistenceUnitInfo      : No LoadTimeWeaver setup: ignoring JPA class transformer
2026-06-19T11:39:56.051+05:30  INFO 71680 --- [rent-mangement] [           main] com.zaxxer.hikari.HikariDataSource       : HikariPool-1 - Starting...
2026-06-19T11:39:56.385+05:30  INFO 71680 --- [rent-mangement] [           main] com.zaxxer.hikari.pool.HikariPool        : HikariPool-1 - Added connection com.mysql.cj.jdbc.ConnectionImpl@3c9f4376
2026-06-19T11:39:56.386+05:30  INFO 71680 --- [rent-mangement] [           main] com.zaxxer.hikari.HikariDataSource       : HikariPool-1 - Start completed.
2026-06-19T11:39:56.425+05:30  WARN 71680 --- [rent-mangement] [           main] org.hibernate.orm.deprecation            : HHH90000025: MySQLDialect does not need to be specified explicitly using 'hibernate.dialect' (remove the property setting and it will be selected by default)
2026-06-19T11:39:56.435+05:30  INFO 71680 --- [rent-mangement] [           main] org.hibernate.orm.connections.pooling    : HHH10001005: Database info:
	Database JDBC URL [Connecting through datasource 'HikariDataSource (HikariPool-1)']
	Database driver: undefined/unknown
	Database version: 9.6
	Autocommit mode: undefined/unknown
	Isolation level: undefined/unknown
	Minimum pool size: undefined/unknown
	Maximum pool size: undefined/unknown
2026-06-19T11:39:56.792+05:30  INFO 71680 --- [rent-mangement] [           main] o.h.e.t.j.p.i.JtaPlatformInitiator       : HHH000489: No JTA platform available (set 'hibernate.transaction.jta.platform' to enable JTA platform integration)
2026-06-19T11:39:56.879+05:30  INFO 71680 --- [rent-mangement] [           main] j.LocalContainerEntityManagerFactoryBean : Initialized JPA EntityManagerFactory for persistence unit 'default'
2026-06-19T11:39:56.999+05:30  INFO 71680 --- [rent-mangement] [           main] o.s.d.j.r.query.QueryEnhancerFactory     : Hibernate is in classpath; If applicable, HQL parser will be used.
2026-06-19T11:39:57.244+05:30  WARN 71680 --- [rent-mangement] [           main] JpaBaseConfiguration$JpaWebConfiguration : spring.jpa.open-in-view is enabled by default. Therefore, database queries may be performed during view rendering. Explicitly configure spring.jpa.open-in-view to disable this warning
2026-06-19T11:39:57.369+05:30  INFO 71680 --- [rent-mangement] [           main] c.karan.rentmangement.ImportServiceTest  : Started ImportServiceTest in 2.017 seconds (process running for 2.444)
Hibernate: insert into landlord (email,name,password,phone) values (?,?,?,?)
Hibernate: insert into property (address,city,landlord_id,name,rent,total_rooms,type) values (?,?,?,?,?,?,?)
Hibernate: insert into tenant (aadhaar,email,landlord_id,move_in_date,move_out_date,name,phone,property_id,rent,room_id,status) values (?,?,?,?,?,?,?,?,?,?,?)
Hibernate: select count(*) from property p1_0
Hibernate: select count(*) from tenant t1_0
Hibernate: select count(*) from rent_payment rp1_0

========================================
=== INITIAL DATABASE COUNTS ===
Properties: 32
Tenants:    30
Payments:   16
========================================

Hibernate: select p1_0.id,p1_0.address,p1_0.city,p1_0.landlord_id,p1_0.name,p1_0.rent,p1_0.total_rooms,p1_0.type from property p1_0 left join landlord l1_0 on l1_0.id=p1_0.landlord_id where l1_0.id=?
Hibernate: select t1_0.id,t1_0.aadhaar,t1_0.email,t1_0.landlord_id,t1_0.move_in_date,t1_0.move_out_date,t1_0.name,t1_0.phone,t1_0.property_id,t1_0.rent,t1_0.room_id,t1_0.status from tenant t1_0 left join landlord l1_0 on l1_0.id=t1_0.landlord_id where l1_0.id=?
Hibernate: insert into rent_payment (date,landlord_id,month,property_id,rent,status,tenant_id) values (?,?,?,?,?,?,?)
Import Service Output: 1 records imported successfully!
Hibernate: select count(*) from property p1_0
Hibernate: select count(*) from tenant t1_0
Hibernate: select count(*) from rent_payment rp1_0

========================================
=== POST-IMPORT DATABASE COUNTS ===
Properties: 32
Tenants:    30
Payments:   17
========================================

Hibernate: select rp1_0.id,rp1_0.date,rp1_0.landlord_id,rp1_0.month,rp1_0.property_id,rp1_0.rent,rp1_0.status,rp1_0.tenant_id from rent_payment rp1_0
Hibernate: select l1_0.id,l1_0.email,l1_0.name,l1_0.password,l1_0.phone from landlord l1_0 where l1_0.id=?
Hibernate: select p1_0.id,p1_0.address,p1_0.city,l1_0.id,l1_0.email,l1_0.name,l1_0.password,l1_0.phone,p1_0.name,p1_0.rent,p1_0.total_rooms,p1_0.type from property p1_0 left join landlord l1_0 on l1_0.id=p1_0.landlord_id where p1_0.id=?
Hibernate: select t1_0.id,t1_0.aadhaar,t1_0.email,l1_0.id,l1_0.email,l1_0.name,l1_0.password,l1_0.phone,t1_0.move_in_date,t1_0.move_out_date,t1_0.name,t1_0.phone,p1_0.id,p1_0.address,p1_0.city,l2_0.id,l2_0.email,l2_0.name,l2_0.password,l2_0.phone,p1_0.name,p1_0.rent,p1_0.total_rooms,p1_0.type,t1_0.rent,r1_0.id,p2_0.id,p2_0.address,p2_0.city,p2_0.landlord_id,p2_0.name,p2_0.rent,p2_0.total_rooms,p2_0.type,r1_0.rent,r1_0.room_number,r1_0.status,t2_0.id,t2_0.aadhaar,t2_0.email,t2_0.landlord_id,t2_0.move_in_date,t2_0.move_out_date,t2_0.name,t2_0.phone,t2_0.property_id,t2_0.rent,t2_0.room_id,t2_0.status,t1_0.status from tenant t1_0 left join landlord l1_0 on l1_0.id=t1_0.landlord_id left join property p1_0 on p1_0.id=t1_0.property_id left join landlord l2_0 on l2_0.id=p1_0.landlord_id left join room r1_0 on r1_0.id=t1_0.room_id left join property p2_0 on p2_0.id=r1_0.property_id left join tenant t2_0 on t2_0.id=r1_0.tenant_id where t1_0.id=?
Hibernate: select p1_0.id,p1_0.address,p1_0.city,l1_0.id,l1_0.email,l1_0.name,l1_0.password,l1_0.phone,p1_0.name,p1_0.rent,p1_0.total_rooms,p1_0.type from property p1_0 left join landlord l1_0 on l1_0.id=p1_0.landlord_id where p1_0.id=?
Hibernate: select t1_0.id,t1_0.aadhaar,t1_0.email,l1_0.id,l1_0.email,l1_0.name,l1_0.password,l1_0.phone,t1_0.move_in_date,t1_0.move_out_date,t1_0.name,t1_0.phone,p1_0.id,p1_0.address,p1_0.city,l2_0.id,l2_0.email,l2_0.name,l2_0.password,l2_0.phone,p1_0.name,p1_0.rent,p1_0.total_rooms,p1_0.type,t1_0.rent,r1_0.id,p2_0.id,p2_0.address,p2_0.city,p2_0.landlord_id,p2_0.name,p2_0.rent,p2_0.total_rooms,p2_0.type,r1_0.rent,r1_0.room_number,r1_0.status,t2_0.id,t2_0.aadhaar,t2_0.email,t2_0.landlord_id,t2_0.move_in_date,t2_0.move_out_date,t2_0.name,t2_0.phone,t2_0.property_id,t2_0.rent,t2_0.room_id,t2_0.status,t1_0.status from tenant t1_0 left join landlord l1_0 on l1_0.id=t1_0.landlord_id left join property p1_0 on p1_0.id=t1_0.property_id left join landlord l2_0 on l2_0.id=p1_0.landlord_id left join room r1_0 on r1_0.id=t1_0.room_id left join property p2_0 on p2_0.id=r1_0.property_id left join tenant t2_0 on t2_0.id=r1_0.tenant_id where t1_0.id=?
Hibernate: select p1_0.id,p1_0.address,p1_0.city,l1_0.id,l1_0.email,l1_0.name,l1_0.password,l1_0.phone,p1_0.name,p1_0.rent,p1_0.total_rooms,p1_0.type from property p1_0 left join landlord l1_0 on l1_0.id=p1_0.landlord_id where p1_0.id=?
Hibernate: select t1_0.id,t1_0.aadhaar,t1_0.email,l1_0.id,l1_0.email,l1_0.name,l1_0.password,l1_0.phone,t1_0.move_in_date,t1_0.move_out_date,t1_0.name,t1_0.phone,p1_0.id,p1_0.address,p1_0.city,l2_0.id,l2_0.email,l2_0.name,l2_0.password,l2_0.phone,p1_0.name,p1_0.rent,p1_0.total_rooms,p1_0.type,t1_0.rent,r1_0.id,p2_0.id,p2_0.address,p2_0.city,p2_0.landlord_id,p2_0.name,p2_0.rent,p2_0.total_rooms,p2_0.type,r1_0.rent,r1_0.room_number,r1_0.status,t2_0.id,t2_0.aadhaar,t2_0.email,t2_0.landlord_id,t2_0.move_in_date,t2_0.move_out_date,t2_0.name,t2_0.phone,t2_0.property_id,t2_0.rent,t2_0.room_id,t2_0.status,t1_0.status from tenant t1_0 left join landlord l1_0 on l1_0.id=t1_0.landlord_id left join property p1_0 on p1_0.id=t1_0.property_id left join landlord l2_0 on l2_0.id=p1_0.landlord_id left join room r1_0 on r1_0.id=t1_0.room_id left join property p2_0 on p2_0.id=r1_0.property_id left join tenant t2_0 on t2_0.id=r1_0.tenant_id where t1_0.id=?
Hibernate: select p1_0.id,p1_0.address,p1_0.city,l1_0.id,l1_0.email,l1_0.name,l1_0.password,l1_0.phone,p1_0.name,p1_0.rent,p1_0.total_rooms,p1_0.type from property p1_0 left join landlord l1_0 on l1_0.id=p1_0.landlord_id where p1_0.id=?
Hibernate: select t1_0.id,t1_0.aadhaar,t1_0.email,l1_0.id,l1_0.email,l1_0.name,l1_0.password,l1_0.phone,t1_0.move_in_date,t1_0.move_out_date,t1_0.name,t1_0.phone,p1_0.id,p1_0.address,p1_0.city,l2_0.id,l2_0.email,l2_0.name,l2_0.password,l2_0.phone,p1_0.name,p1_0.rent,p1_0.total_rooms,p1_0.type,t1_0.rent,r1_0.id,p2_0.id,p2_0.address,p2_0.city,p2_0.landlord_id,p2_0.name,p2_0.rent,p2_0.total_rooms,p2_0.type,r1_0.rent,r1_0.room_number,r1_0.status,t2_0.id,t2_0.aadhaar,t2_0.email,t2_0.landlord_id,t2_0.move_in_date,t2_0.move_out_date,t2_0.name,t2_0.phone,t2_0.property_id,t2_0.rent,t2_0.room_id,t2_0.status,t1_0.status from tenant t1_0 left join landlord l1_0 on l1_0.id=t1_0.landlord_id left join property p1_0 on p1_0.id=t1_0.property_id left join landlord l2_0 on l2_0.id=p1_0.landlord_id left join room r1_0 on r1_0.id=t1_0.room_id left join property p2_0 on p2_0.id=r1_0.property_id left join tenant t2_0 on t2_0.id=r1_0.tenant_id where t1_0.id=?
Hibernate: select p1_0.id,p1_0.address,p1_0.city,l1_0.id,l1_0.email,l1_0.name,l1_0.password,l1_0.phone,p1_0.name,p1_0.rent,p1_0.total_rooms,p1_0.type from property p1_0 left join landlord l1_0 on l1_0.id=p1_0.landlord_id where p1_0.id=?
Hibernate: select t1_0.id,t1_0.aadhaar,t1_0.email,l1_0.id,l1_0.email,l1_0.name,l1_0.password,l1_0.phone,t1_0.move_in_date,t1_0.move_out_date,t1_0.name,t1_0.phone,p1_0.id,p1_0.address,p1_0.city,l2_0.id,l2_0.email,l2_0.name,l2_0.password,l2_0.phone,p1_0.name,p1_0.rent,p1_0.total_rooms,p1_0.type,t1_0.rent,r1_0.id,p2_0.id,p2_0.address,p2_0.city,p2_0.landlord_id,p2_0.name,p2_0.rent,p2_0.total_rooms,p2_0.type,r1_0.rent,r1_0.room_number,r1_0.status,t2_0.id,t2_0.aadhaar,t2_0.email,t2_0.landlord_id,t2_0.move_in_date,t2_0.move_out_date,t2_0.name,t2_0.phone,t2_0.property_id,t2_0.rent,t2_0.room_id,t2_0.status,t1_0.status from tenant t1_0 left join landlord l1_0 on l1_0.id=t1_0.landlord_id left join property p1_0 on p1_0.id=t1_0.property_id left join landlord l2_0 on l2_0.id=p1_0.landlord_id left join room r1_0 on r1_0.id=t1_0.room_id left join property p2_0 on p2_0.id=r1_0.property_id left join tenant t2_0 on t2_0.id=r1_0.tenant_id where t1_0.id=?
Hibernate: select p1_0.id,p1_0.address,p1_0.city,l1_0.id,l1_0.email,l1_0.name,l1_0.password,l1_0.phone,p1_0.name,p1_0.rent,p1_0.total_rooms,p1_0.type from property p1_0 left join landlord l1_0 on l1_0.id=p1_0.landlord_id where p1_0.id=?
Hibernate: select t1_0.id,t1_0.aadhaar,t1_0.email,l1_0.id,l1_0.email,l1_0.name,l1_0.password,l1_0.phone,t1_0.move_in_date,t1_0.move_out_date,t1_0.name,t1_0.phone,p1_0.id,p1_0.address,p1_0.city,l2_0.id,l2_0.email,l2_0.name,l2_0.password,l2_0.phone,p1_0.name,p1_0.rent,p1_0.total_rooms,p1_0.type,t1_0.rent,r1_0.id,p2_0.id,p2_0.address,p2_0.city,p2_0.landlord_id,p2_0.name,p2_0.rent,p2_0.total_rooms,p2_0.type,r1_0.rent,r1_0.room_number,r1_0.status,t2_0.id,t2_0.aadhaar,t2_0.email,t2_0.landlord_id,t2_0.move_in_date,t2_0.move_out_date,t2_0.name,t2_0.phone,t2_0.property_id,t2_0.rent,t2_0.room_id,t2_0.status,t1_0.status from tenant t1_0 left join landlord l1_0 on l1_0.id=t1_0.landlord_id left join property p1_0 on p1_0.id=t1_0.property_id left join landlord l2_0 on l2_0.id=p1_0.landlord_id left join room r1_0 on r1_0.id=t1_0.room_id left join property p2_0 on p2_0.id=r1_0.property_id left join tenant t2_0 on t2_0.id=r1_0.tenant_id where t1_0.id=?
Hibernate: select p1_0.id,p1_0.address,p1_0.city,l1_0.id,l1_0.email,l1_0.name,l1_0.password,l1_0.phone,p1_0.name,p1_0.rent,p1_0.total_rooms,p1_0.type from property p1_0 left join landlord l1_0 on l1_0.id=p1_0.landlord_id where p1_0.id=?
Hibernate: select t1_0.id,t1_0.aadhaar,t1_0.email,l1_0.id,l1_0.email,l1_0.name,l1_0.password,l1_0.phone,t1_0.move_in_date,t1_0.move_out_date,t1_0.name,t1_0.phone,p1_0.id,p1_0.address,p1_0.city,l2_0.id,l2_0.email,l2_0.name,l2_0.password,l2_0.phone,p1_0.name,p1_0.rent,p1_0.total_rooms,p1_0.type,t1_0.rent,r1_0.id,p2_0.id,p2_0.address,p2_0.city,p2_0.landlord_id,p2_0.name,p2_0.rent,p2_0.total_rooms,p2_0.type,r1_0.rent,r1_0.room_number,r1_0.status,t2_0.id,t2_0.aadhaar,t2_0.email,t2_0.landlord_id,t2_0.move_in_date,t2_0.move_out_date,t2_0.name,t2_0.phone,t2_0.property_id,t2_0.rent,t2_0.room_id,t2_0.status,t1_0.status from tenant t1_0 left join landlord l1_0 on l1_0.id=t1_0.landlord_id left join property p1_0 on p1_0.id=t1_0.property_id left join landlord l2_0 on l2_0.id=p1_0.landlord_id left join room r1_0 on r1_0.id=t1_0.room_id left join property p2_0 on p2_0.id=r1_0.property_id left join tenant t2_0 on t2_0.id=r1_0.tenant_id where t1_0.id=?
Hibernate: select p1_0.id,p1_0.address,p1_0.city,l1_0.id,l1_0.email,l1_0.name,l1_0.password,l1_0.phone,p1_0.name,p1_0.rent,p1_0.total_rooms,p1_0.type from property p1_0 left join landlord l1_0 on l1_0.id=p1_0.landlord_id where p1_0.id=?
Hibernate: select t1_0.id,t1_0.aadhaar,t1_0.email,l1_0.id,l1_0.email,l1_0.name,l1_0.password,l1_0.phone,t1_0.move_in_date,t1_0.move_out_date,t1_0.name,t1_0.phone,p1_0.id,p1_0.address,p1_0.city,l2_0.id,l2_0.email,l2_0.name,l2_0.password,l2_0.phone,p1_0.name,p1_0.rent,p1_0.total_rooms,p1_0.type,t1_0.rent,r1_0.id,p2_0.id,p2_0.address,p2_0.city,p2_0.landlord_id,p2_0.name,p2_0.rent,p2_0.total_rooms,p2_0.type,r1_0.rent,r1_0.room_number,r1_0.status,t2_0.id,t2_0.aadhaar,t2_0.email,t2_0.landlord_id,t2_0.move_in_date,t2_0.move_out_date,t2_0.name,t2_0.phone,t2_0.property_id,t2_0.rent,t2_0.room_id,t2_0.status,t1_0.status from tenant t1_0 left join landlord l1_0 on l1_0.id=t1_0.landlord_id left join property p1_0 on p1_0.id=t1_0.property_id left join landlord l2_0 on l2_0.id=p1_0.landlord_id left join room r1_0 on r1_0.id=t1_0.room_id left join property p2_0 on p2_0.id=r1_0.property_id left join tenant t2_0 on t2_0.id=r1_0.tenant_id where t1_0.id=?
Hibernate: select p1_0.id,p1_0.address,p1_0.city,l1_0.id,l1_0.email,l1_0.name,l1_0.password,l1_0.phone,p1_0.name,p1_0.rent,p1_0.total_rooms,p1_0.type from property p1_0 left join landlord l1_0 on l1_0.id=p1_0.landlord_id where p1_0.id=?
Hibernate: select t1_0.id,t1_0.aadhaar,t1_0.email,l1_0.id,l1_0.email,l1_0.name,l1_0.password,l1_0.phone,t1_0.move_in_date,t1_0.move_out_date,t1_0.name,t1_0.phone,p1_0.id,p1_0.address,p1_0.city,l2_0.id,l2_0.email,l2_0.name,l2_0.password,l2_0.phone,p1_0.name,p1_0.rent,p1_0.total_rooms,p1_0.type,t1_0.rent,r1_0.id,p2_0.id,p2_0.address,p2_0.city,p2_0.landlord_id,p2_0.name,p2_0.rent,p2_0.total_rooms,p2_0.type,r1_0.rent,r1_0.room_number,r1_0.status,t2_0.id,t2_0.aadhaar,t2_0.email,t2_0.landlord_id,t2_0.move_in_date,t2_0.move_out_date,t2_0.name,t2_0.phone,t2_0.property_id,t2_0.rent,t2_0.room_id,t2_0.status,t1_0.status from tenant t1_0 left join landlord l1_0 on l1_0.id=t1_0.landlord_id left join property p1_0 on p1_0.id=t1_0.property_id left join landlord l2_0 on l2_0.id=p1_0.landlord_id left join room r1_0 on r1_0.id=t1_0.room_id left join property p2_0 on p2_0.id=r1_0.property_id left join tenant t2_0 on t2_0.id=r1_0.tenant_id where t1_0.id=?
Hibernate: select p1_0.id,p1_0.address,p1_0.city,l1_0.id,l1_0.email,l1_0.name,l1_0.password,l1_0.phone,p1_0.name,p1_0.rent,p1_0.total_rooms,p1_0.type from property p1_0 left join landlord l1_0 on l1_0.id=p1_0.landlord_id where p1_0.id=?
Hibernate: select t1_0.id,t1_0.aadhaar,t1_0.email,l1_0.id,l1_0.email,l1_0.name,l1_0.password,l1_0.phone,t1_0.move_in_date,t1_0.move_out_date,t1_0.name,t1_0.phone,p1_0.id,p1_0.address,p1_0.city,l2_0.id,l2_0.email,l2_0.name,l2_0.password,l2_0.phone,p1_0.name,p1_0.rent,p1_0.total_rooms,p1_0.type,t1_0.rent,r1_0.id,p2_0.id,p2_0.address,p2_0.city,p2_0.landlord_id,p2_0.name,p2_0.rent,p2_0.total_rooms,p2_0.type,r1_0.rent,r1_0.room_number,r1_0.status,t2_0.id,t2_0.aadhaar,t2_0.email,t2_0.landlord_id,t2_0.move_in_date,t2_0.move_out_date,t2_0.name,t2_0.phone,t2_0.property_id,t2_0.rent,t2_0.room_id,t2_0.status,t1_0.status from tenant t1_0 left join landlord l1_0 on l1_0.id=t1_0.landlord_id left join property p1_0 on p1_0.id=t1_0.property_id left join landlord l2_0 on l2_0.id=p1_0.landlord_id left join room r1_0 on r1_0.id=t1_0.room_id left join property p2_0 on p2_0.id=r1_0.property_id left join tenant t2_0 on t2_0.id=r1_0.tenant_id where t1_0.id=?
Hibernate: select p1_0.id,p1_0.address,p1_0.city,l1_0.id,l1_0.email,l1_0.name,l1_0.password,l1_0.phone,p1_0.name,p1_0.rent,p1_0.total_rooms,p1_0.type from property p1_0 left join landlord l1_0 on l1_0.id=p1_0.landlord_id where p1_0.id=?
Hibernate: select t1_0.id,t1_0.aadhaar,t1_0.email,l1_0.id,l1_0.email,l1_0.name,l1_0.password,l1_0.phone,t1_0.move_in_date,t1_0.move_out_date,t1_0.name,t1_0.phone,p1_0.id,p1_0.address,p1_0.city,l2_0.id,l2_0.email,l2_0.name,l2_0.password,l2_0.phone,p1_0.name,p1_0.rent,p1_0.total_rooms,p1_0.type,t1_0.rent,r1_0.id,p2_0.id,p2_0.address,p2_0.city,p2_0.landlord_id,p2_0.name,p2_0.rent,p2_0.total_rooms,p2_0.type,r1_0.rent,r1_0.room_number,r1_0.status,t2_0.id,t2_0.aadhaar,t2_0.email,t2_0.landlord_id,t2_0.move_in_date,t2_0.move_out_date,t2_0.name,t2_0.phone,t2_0.property_id,t2_0.rent,t2_0.room_id,t2_0.status,t1_0.status from tenant t1_0 left join landlord l1_0 on l1_0.id=t1_0.landlord_id left join property p1_0 on p1_0.id=t1_0.property_id left join landlord l2_0 on l2_0.id=p1_0.landlord_id left join room r1_0 on r1_0.id=t1_0.room_id left join property p2_0 on p2_0.id=r1_0.property_id left join tenant t2_0 on t2_0.id=r1_0.tenant_id where t1_0.id=?
Hibernate: select p1_0.id,p1_0.address,p1_0.city,l1_0.id,l1_0.email,l1_0.name,l1_0.password,l1_0.phone,p1_0.name,p1_0.rent,p1_0.total_rooms,p1_0.type from property p1_0 left join landlord l1_0 on l1_0.id=p1_0.landlord_id where p1_0.id=?
Hibernate: select t1_0.id,t1_0.aadhaar,t1_0.email,l1_0.id,l1_0.email,l1_0.name,l1_0.password,l1_0.phone,t1_0.move_in_date,t1_0.move_out_date,t1_0.name,t1_0.phone,p1_0.id,p1_0.address,p1_0.city,l2_0.id,l2_0.email,l2_0.name,l2_0.password,l2_0.phone,p1_0.name,p1_0.rent,p1_0.total_rooms,p1_0.type,t1_0.rent,r1_0.id,p2_0.id,p2_0.address,p2_0.city,p2_0.landlord_id,p2_0.name,p2_0.rent,p2_0.total_rooms,p2_0.type,r1_0.rent,r1_0.room_number,r1_0.status,t2_0.id,t2_0.aadhaar,t2_0.email,t2_0.landlord_id,t2_0.move_in_date,t2_0.move_out_date,t2_0.name,t2_0.phone,t2_0.property_id,t2_0.rent,t2_0.room_id,t2_0.status,t1_0.status from tenant t1_0 left join landlord l1_0 on l1_0.id=t1_0.landlord_id left join property p1_0 on p1_0.id=t1_0.property_id left join landlord l2_0 on l2_0.id=p1_0.landlord_id left join room r1_0 on r1_0.id=t1_0.room_id left join property p2_0 on p2_0.id=r1_0.property_id left join tenant t2_0 on t2_0.id=r1_0.tenant_id where t1_0.id=?
Hibernate: select p1_0.id,p1_0.address,p1_0.city,l1_0.id,l1_0.email,l1_0.name,l1_0.password,l1_0.phone,p1_0.name,p1_0.rent,p1_0.total_rooms,p1_0.type from property p1_0 left join landlord l1_0 on l1_0.id=p1_0.landlord_id where p1_0.id=?
Hibernate: select t1_0.id,t1_0.aadhaar,t1_0.email,l1_0.id,l1_0.email,l1_0.name,l1_0.password,l1_0.phone,t1_0.move_in_date,t1_0.move_out_date,t1_0.name,t1_0.phone,p1_0.id,p1_0.address,p1_0.city,l2_0.id,l2_0.email,l2_0.name,l2_0.password,l2_0.phone,p1_0.name,p1_0.rent,p1_0.total_rooms,p1_0.type,t1_0.rent,r1_0.id,p2_0.id,p2_0.address,p2_0.city,p2_0.landlord_id,p2_0.name,p2_0.rent,p2_0.total_rooms,p2_0.type,r1_0.rent,r1_0.room_number,r1_0.status,t2_0.id,t2_0.aadhaar,t2_0.email,t2_0.landlord_id,t2_0.move_in_date,t2_0.move_out_date,t2_0.name,t2_0.phone,t2_0.property_id,t2_0.rent,t2_0.room_id,t2_0.status,t1_0.status from tenant t1_0 left join landlord l1_0 on l1_0.id=t1_0.landlord_id left join property p1_0 on p1_0.id=t1_0.property_id left join landlord l2_0 on l2_0.id=p1_0.landlord_id left join room r1_0 on r1_0.id=t1_0.room_id left join property p2_0 on p2_0.id=r1_0.property_id left join tenant t2_0 on t2_0.id=r1_0.tenant_id where t1_0.id=?
Hibernate: select p1_0.id,p1_0.address,p1_0.city,l1_0.id,l1_0.email,l1_0.name,l1_0.password,l1_0.phone,p1_0.name,p1_0.rent,p1_0.total_rooms,p1_0.type from property p1_0 left join landlord l1_0 on l1_0.id=p1_0.landlord_id where p1_0.id=?
Hibernate: select t1_0.id,t1_0.aadhaar,t1_0.email,l1_0.id,l1_0.email,l1_0.name,l1_0.password,l1_0.phone,t1_0.move_in_date,t1_0.move_out_date,t1_0.name,t1_0.phone,p1_0.id,p1_0.address,p1_0.city,l2_0.id,l2_0.email,l2_0.name,l2_0.password,l2_0.phone,p1_0.name,p1_0.rent,p1_0.total_rooms,p1_0.type,t1_0.rent,r1_0.id,p2_0.id,p2_0.address,p2_0.city,p2_0.landlord_id,p2_0.name,p2_0.rent,p2_0.total_rooms,p2_0.type,r1_0.rent,r1_0.room_number,r1_0.status,t2_0.id,t2_0.aadhaar,t2_0.email,t2_0.landlord_id,t2_0.move_in_date,t2_0.move_out_date,t2_0.name,t2_0.phone,t2_0.property_id,t2_0.rent,t2_0.room_id,t2_0.status,t1_0.status from tenant t1_0 left join landlord l1_0 on l1_0.id=t1_0.landlord_id left join property p1_0 on p1_0.id=t1_0.property_id left join landlord l2_0 on l2_0.id=p1_0.landlord_id left join room r1_0 on r1_0.id=t1_0.room_id left join property p2_0 on p2_0.id=r1_0.property_id left join tenant t2_0 on t2_0.id=r1_0.tenant_id where t1_0.id=?
Hibernate: select p1_0.id,p1_0.address,p1_0.city,l1_0.id,l1_0.email,l1_0.name,l1_0.password,l1_0.phone,p1_0.name,p1_0.rent,p1_0.total_rooms,p1_0.type from property p1_0 left join landlord l1_0 on l1_0.id=p1_0.landlord_id where p1_0.id=?
Hibernate: select t1_0.id,t1_0.aadhaar,t1_0.email,l1_0.id,l1_0.email,l1_0.name,l1_0.password,l1_0.phone,t1_0.move_in_date,t1_0.move_out_date,t1_0.name,t1_0.phone,p1_0.id,p1_0.address,p1_0.city,l2_0.id,l2_0.email,l2_0.name,l2_0.password,l2_0.phone,p1_0.name,p1_0.rent,p1_0.total_rooms,p1_0.type,t1_0.rent,r1_0.id,p2_0.id,p2_0.address,p2_0.city,p2_0.landlord_id,p2_0.name,p2_0.rent,p2_0.total_rooms,p2_0.type,r1_0.rent,r1_0.room_number,r1_0.status,t2_0.id,t2_0.aadhaar,t2_0.email,t2_0.landlord_id,t2_0.move_in_date,t2_0.move_out_date,t2_0.name,t2_0.phone,t2_0.property_id,t2_0.rent,t2_0.room_id,t2_0.status,t1_0.status from tenant t1_0 left join landlord l1_0 on l1_0.id=t1_0.landlord_id left join property p1_0 on p1_0.id=t1_0.property_id left join landlord l2_0 on l2_0.id=p1_0.landlord_id left join room r1_0 on r1_0.id=t1_0.room_id left join property p2_0 on p2_0.id=r1_0.property_id left join tenant t2_0 on t2_0.id=r1_0.tenant_id where t1_0.id=?
Hibernate: select p1_0.id,p1_0.address,p1_0.city,l1_0.id,l1_0.email,l1_0.name,l1_0.password,l1_0.phone,p1_0.name,p1_0.rent,p1_0.total_rooms,p1_0.type from property p1_0 left join landlord l1_0 on l1_0.id=p1_0.landlord_id where p1_0.id=?
Hibernate: select t1_0.id,t1_0.aadhaar,t1_0.email,l1_0.id,l1_0.email,l1_0.name,l1_0.password,l1_0.phone,t1_0.move_in_date,t1_0.move_out_date,t1_0.name,t1_0.phone,p1_0.id,p1_0.address,p1_0.city,l2_0.id,l2_0.email,l2_0.name,l2_0.password,l2_0.phone,p1_0.name,p1_0.rent,p1_0.total_rooms,p1_0.type,t1_0.rent,r1_0.id,p2_0.id,p2_0.address,p2_0.city,p2_0.landlord_id,p2_0.name,p2_0.rent,p2_0.total_rooms,p2_0.type,r1_0.rent,r1_0.room_number,r1_0.status,t2_0.id,t2_0.aadhaar,t2_0.email,t2_0.landlord_id,t2_0.move_in_date,t2_0.move_out_date,t2_0.name,t2_0.phone,t2_0.property_id,t2_0.rent,t2_0.room_id,t2_0.status,t1_0.status from tenant t1_0 left join landlord l1_0 on l1_0.id=t1_0.landlord_id left join property p1_0 on p1_0.id=t1_0.property_id left join landlord l2_0 on l2_0.id=p1_0.landlord_id left join room r1_0 on r1_0.id=t1_0.room_id left join property p2_0 on p2_0.id=r1_0.property_id left join tenant t2_0 on t2_0.id=r1_0.tenant_id where t1_0.id=?
[INFO] Tests run: 1, Failures: 0, Errors: 0, Skipped: 0, Time elapsed: 2.851 s -- in com.karan.rentmangement.ImportServiceTest
[INFO] 
[INFO] Results:
[INFO] 
[INFO] Tests run: 1, Failures: 0, Errors: 0, Skipped: 0
[INFO] 
[INFO] ------------------------------------------------------------------------
[INFO] BUILD SUCCESS
[INFO] ------------------------------------------------------------------------
[INFO] Total time:  3.768 s
[INFO] Finished at: 2026-06-19T11:39:58+05:30
[INFO] ------------------------------------------------------------------------
